================================================================================
| EXCITING BERYLLIUM started                                                   =
| version hash id:                                                             =
|                                                                              =
| Date (DD-MM-YYYY) : 27-09-2013                                               =
| Time (hh:mm:ss)   : 14:53:47                                                 =
|                                                                              =
| All units are atomic (Hartree, Bohr, etc.)                                   =
================================================================================

********************************************************************************
| Ground-state run starting from atomic densities                              *
********************************************************************************

++++++++++++++++++++++++++++++++++++++++++++++++++++++++++++++++++++++++++++++++
| Starting initialization                                                      +
++++++++++++++++++++++++++++++++++++++++++++++++++++++++++++++++++++++++++++++++

 Lattice vectors (cartesian) :
      5.1300000000      5.1300000000      0.0000000000
      5.1300000000      0.0000000000      5.1300000000
      0.0000000000      5.1300000000      5.1300000000

 Reciprocal lattice vectors (cartesian) :
      0.6123962288      0.6123962288     -0.6123962288
      0.6123962288     -0.6123962288      0.6123962288
     -0.6123962288      0.6123962288      0.6123962288

 Unit cell volume                      :     270.0113940000
 Brillouin zone volume                 :       0.9186657265

 Species :    1 (Si)
     parameters loaded from            :    Si.xml
     name                              :    silicon
     nuclear charge                    :     -14.00000000
     electronic charge                 :      14.00000000
     atomic mass                       :   51196.73454000
     muffin-tin radius                 :       2.10000000
     # of radial points in muffin-tin  :     297

     atomic positions (lattice) :
       1 :   0.00000000  0.00000000  0.00000000
       2 :   0.25000000  0.25000000  0.25000000

 Total number of atoms per unit cell   :       2

 Spin treatment                        :    spin-unpolarised

 Number of Bravais lattice symmetries  :      48
 Number of crystal symmetries          :      48

 k-point grid                          :       6    6    6
 Total number of k-points              :      16
 k-point set is reduced with crystal symmetries

 R^MT_min * |G+k|_max (rgkmax)         :       7.00000000
 Species with R^MT_min                 :       1 (Si)
 Maximum |G+k| for APW functions       :       3.33333333
 Maximum |G| for potential and density :      14.00000000

 G-vector grid sizes                   :      36    36    36
 Total number of G-vectors             :   12387

 Maximum angular momentum used for
     APW functions                     :      10
     computing H and O matrix elements :       5
     potential and density             :       6
     inner part of muffin-tin          :       2

 Total nuclear charge                  :     -28.00000000
 Total electronic charge               :      28.00000000
 Total core charge                     :      20.00000000
 Total valence charge                  :       8.00000000

 Number of empty states                :      17
 Total number of valence states        :      22

 Total number of local-orbitals        :       8

 Exchange-correlation type :    3
     Perdew-Wang/Ceperley-Alder, Phys. Rev. B 45, 13244 (1992)

 Smearing scheme                       :    Gaussian
 Smearing width                        :       0.00100000

 Using multisecant Broyden potential mixing

++++++++++++++++++++++++++++++++++++++++++++++++++++++++++++++++++++++++++++++++
| Ending initialization                                                        +
++++++++++++++++++++++++++++++++++++++++++++++++++++++++++++++++++++++++++++++++

********************************************************************************
| Groundstate module started                                                   *
********************************************************************************
 Output level for this task is set to normal

++++++++++++++++++++++++++++++++++++++++++++++++++++++++++++++++++++++++++++++++
| Self-consistent loop started                                                 +
++++++++++++++++++++++++++++++++++++++++++++++++++++++++++++++++++++++++++++++++
 Density and potential initialised from atomic data

++++++++++++++++++++++++++++++++++++++++++++++++++++++++++++++++++++++++++++++++
| SCF iteration number :    1                                                  +
++++++++++++++++++++++++++++++++++++++++++++++++++++++++++++++++++++++++++++++++
 Total energy                               :      -579.739493223426
 ___________________________________________________________________
 Fermi energy                               :         0.161671760134
 Kinetic energy                             :       577.669640334370
 Coulomb energy                             :     -1117.686793133901
 Exchange energy                            :       -37.575037225264
 Correlation energy                         :        -2.147303198632

 DOS at Fermi energy (states/Ha/cell)       :         0.000000000000

 Electron charges :
     core                                   :        20.00000000
     core leakage                           :         0.00463067
     valence                                :         8.00000000
     interstitial                           :         3.80354296
     charge in muffin-tin spheres :
                  atom     1    Si          :        12.09822852
                  atom     2    Si          :        12.09822852
     total charge in muffin-tins            :        24.19645704
     total charge                           :        28.00000000

++++++++++++++++++++++++++++++++++++++++++++++++++++++++++++++++++++++++++++++++
| SCF iteration number :    2                                                  +
++++++++++++++++++++++++++++++++++++++++++++++++++++++++++++++++++++++++++++++++
 Total energy                               :      -577.353088234309
 ___________________________________________________________________
 Fermi energy                               :         0.205478178423
 Kinetic energy                             :       579.535233828567
 Coulomb energy                             :     -1117.225259848213
 Exchange energy                            :       -37.518550383815
 Correlation energy                         :        -2.144511830848

 DOS at Fermi energy (states/Ha/cell)       :         0.000000000000

 Electron charges :
     core                                   :        20.00000000
     core leakage                           :         0.00466167
     valence                                :         8.00000000
     interstitial                           :         3.94452115
     charge in muffin-tin spheres :
                  atom     1    Si          :        12.02773942
                  atom     2    Si          :        12.02773942
     total charge in muffin-tins            :        24.05547885
     total charge                           :        28.00000000

 Wall time (seconds)                        :         4.11

 RMS change in effective potential (target) :  0.128154E-01  ( 0.100000E-05)
 Absolute change in total energy   (target) :   577.353      ( 0.100000E-03)
 Charge distance                   (target) :  0.129148E-01  ( 0.100000E-04)

++++++++++++++++++++++++++++++++++++++++++++++++++++++++++++++++++++++++++++++++
| SCF iteration number :    3                                                  +
++++++++++++++++++++++++++++++++++++++++++++++++++++++++++++++++++++++++++++++++
 Total energy                               :      -577.633114984834
 ___________________________________________________________________
 Fermi energy                               :         0.203674050588
 Kinetic energy                             :       579.369134958780
 Coulomb energy                             :     -1117.329506813578
 Exchange energy                            :       -37.527877192558
 Correlation energy                         :        -2.144865937478

 DOS at Fermi energy (states/Ha/cell)       :         0.000000000000

 Electron charges :
     core                                   :        20.00000000
     core leakage                           :         0.00463670
     valence                                :         8.00000000
     interstitial                           :         3.92956909
     charge in muffin-tin spheres :
                  atom     1    Si          :        12.03521545
                  atom     2    Si          :        12.03521545
     total charge in muffin-tins            :        24.07043091
     total charge                           :        28.00000000

 Wall time (seconds)                        :         5.45

 RMS change in effective potential (target) :  0.789376E-02  ( 0.100000E-05)
 Absolute change in total energy   (target) :  0.280027      ( 0.100000E-03)
 Charge distance                   (target) :  0.132445E-02  ( 0.100000E-04)

++++++++++++++++++++++++++++++++++++++++++++++++++++++++++++++++++++++++++++++++
| SCF iteration number :    4                                                  +
++++++++++++++++++++++++++++++++++++++++++++++++++++++++++++++++++++++++++++++++
 Total energy                               :      -578.081712978794
 ___________________________________________________________________
 Fermi energy                               :         0.199938146091
 Kinetic energy                             :       579.054145238352
 Coulomb energy                             :     -1117.449122709848
 Exchange energy                            :       -37.541261453576
 Correlation energy                         :        -2.145474053722

 DOS at Fermi energy (states/Ha/cell)       :         0.000000000000

 Electron charges :
     core                                   :        20.00000000
     core leakage                           :         0.00460645
     valence                                :         8.00000000
     interstitial                           :         3.90004343
     charge in muffin-tin spheres :
                  atom     1    Si          :        12.04997828
                  atom     2    Si          :        12.04997828
     total charge in muffin-tins            :        24.09995657
     total charge                           :        28.00000000

 Wall time (seconds)                        :         6.89

 RMS change in effective potential (target) :  0.545282E-03  ( 0.100000E-05)
 Absolute change in total energy   (target) :  0.448598      ( 0.100000E-03)
 Charge distance                   (target) :  0.258506E-02  ( 0.100000E-04)

++++++++++++++++++++++++++++++++++++++++++++++++++++++++++++++++++++++++++++++++
| SCF iteration number :    5                                                  +
++++++++++++++++++++++++++++++++++++++++++++++++++++++++++++++++++++++++++++++++
 Total energy                               :      -578.079768615286
 ___________________________________________________________________
 Fermi energy                               :         0.200227822658
 Kinetic energy                             :       579.074384079881
 Coulomb energy                             :     -1117.466893455347
 Exchange energy                            :       -37.541802087469
 Correlation energy                         :        -2.145457152350

 DOS at Fermi energy (states/Ha/cell)       :         0.000000000000

 Electron charges :
     core                                   :        20.00000000
     core leakage                           :         0.00460353
     valence                                :         8.00000000
     interstitial                           :         3.90222273
     charge in muffin-tin spheres :
                  atom     1    Si          :        12.04888864
                  atom     2    Si          :        12.04888864
     total charge in muffin-tins            :        24.09777727
     total charge                           :        28.00000000

 Wall time (seconds)                        :         8.26

 RMS change in effective potential (target) :  0.656938E-04  ( 0.100000E-05)
 Absolute change in total energy   (target) :  0.194436E-02  ( 0.100000E-03)
 Charge distance                   (target) :  0.246394E-03  ( 0.100000E-04)

++++++++++++++++++++++++++++++++++++++++++++++++++++++++++++++++++++++++++++++++
| SCF iteration number :    6                                                  +
++++++++++++++++++++++++++++++++++++++++++++++++++++++++++++++++++++++++++++++++
 Total energy                               :      -578.080482991966
 ___________________________________________________________________
 Fermi energy                               :         0.200199954778
 Kinetic energy                             :       579.071763379795
 Coulomb energy                             :     -1117.465032914527
 Exchange energy                            :       -37.541754177305
 Correlation energy                         :        -2.145459279929

 DOS at Fermi energy (states/Ha/cell)       :         0.000000000000

 Electron charges :
     core                                   :        20.00000000
     core leakage                           :         0.00460369
     valence                                :         8.00000000
     interstitial                           :         3.90197596
     charge in muffin-tin spheres :
                  atom     1    Si          :        12.04901202
                  atom     2    Si          :        12.04901202
     total charge in muffin-tins            :        24.09802404
     total charge                           :        28.00000000

 Wall time (seconds)                        :         9.66

 RMS change in effective potential (target) :  0.229839E-05  ( 0.100000E-05)
 Absolute change in total energy   (target) :  0.714377E-03  ( 0.100000E-03)
 Charge distance                   (target) :  0.260797E-04  ( 0.100000E-04)

++++++++++++++++++++++++++++++++++++++++++++++++++++++++++++++++++++++++++++++++
| SCF iteration number :    7                                                  +
++++++++++++++++++++++++++++++++++++++++++++++++++++++++++++++++++++++++++++++++
 Total energy                               :      -578.080295533816
 ___________________________________________________________________
 Fermi energy                               :         0.200199964423
 Kinetic energy                             :       579.071872198265
 Coulomb energy                             :     -1117.464960643896
 Exchange energy                            :       -37.541747981663
 Correlation energy                         :        -2.145459106522

 DOS at Fermi energy (states/Ha/cell)       :         0.000000000000

 Electron charges :
     core                                   :        20.00000000
     core leakage                           :         0.00460372
     valence                                :         8.00000000
     interstitial                           :         3.90198053
     charge in muffin-tin spheres :
                  atom     1    Si          :        12.04900973
                  atom     2    Si          :        12.04900973
     total charge in muffin-tins            :        24.09801947
     total charge                           :        28.00000000

 Wall time (seconds)                        :        11.30

 RMS change in effective potential (target) :  0.225586E-06  ( 0.100000E-05)
 Absolute change in total energy   (target) :  0.187458E-03  ( 0.100000E-03)
 Charge distance                   (target) :  0.415317E-06  ( 0.100000E-04)

++++++++++++++++++++++++++++++++++++++++++++++++++++++++++++++++++++++++++++++++
| SCF iteration number :    8                                                  +
++++++++++++++++++++++++++++++++++++++++++++++++++++++++++++++++++++++++++++++++
 Total energy                               :      -578.080306932216
 ___________________________________________________________________
 Fermi energy                               :         0.200199979106
 Kinetic energy                             :       579.071869818148
 Coulomb energy                             :     -1117.464969139141
 Exchange energy                            :       -37.541748496467
 Correlation energy                         :        -2.145459114756

 DOS at Fermi energy (states/Ha/cell)       :         0.000000000000

 Electron charges :
     core                                   :        20.00000000
     core leakage                           :         0.00460372
     valence                                :         8.00000000
     interstitial                           :         3.90198065
     charge in muffin-tin spheres :
                  atom     1    Si          :        12.04900967
                  atom     2    Si          :        12.04900967
     total charge in muffin-tins            :        24.09801935
     total charge                           :        28.00000000

 Wall time (seconds)                        :        13.56

 RMS change in effective potential (target) :  0.675058E-08  ( 0.100000E-05)
 Absolute change in total energy   (target) :  0.113984E-04  ( 0.100000E-03)
 Charge distance                   (target) :  0.425729E-07  ( 0.100000E-04)

++++++++++++++++++++++++++++++++++++++++++++++++++++++++++++++++++++++++++++++++
| Convergence targets achieved. Performing final SCF iteration                 +
++++++++++++++++++++++++++++++++++++++++++++++++++++++++++++++++++++++++++++++++
 Total energy                               :      -578.080306824682
 ___________________________________________________________________
 Fermi energy                               :         0.200199977767
 Kinetic energy                             :       579.071869634789
 Coulomb energy                             :     -1117.464968860475
 Exchange energy                            :       -37.541748484185
 Correlation energy                         :        -2.145459114812

 DOS at Fermi energy (states/Ha/cell)       :         0.000000000000

 Electron charges :
     core                                   :        20.00000000
     core leakage                           :         0.00460372
     valence                                :         8.00000000
     interstitial                           :         3.90198063
     charge in muffin-tin spheres :
                  atom     1    Si          :        12.04900968
                  atom     2    Si          :        12.04900968
     total charge in muffin-tins            :        24.09801937
     total charge                           :        28.00000000

++++++++++++++++++++++++++++++++++++++++++++++++++++++++++++++++++++++++++++++++
| Self-consistent loop stopped                                                 +
++++++++++++++++++++++++++++++++++++++++++++++++++++++++++++++++++++++++++++++++
 STATE.OUT is written

********************************************************************************
| Groundstate module stopped                                                   *
********************************************************************************
 Total time spent (seconds)            :        15.56

================================================================================
| EXCITING BERYLLIUM stopped                                                   =
================================================================================
